// Jest Snapshot v1, https://goo.gl/fbAQLP

exports[`NavBar Should match snapshot 1`] = `[Function]`;
