// Jest Snapshot v1, https://goo.gl/fbAQLP

exports[`SearchBar Should match snapshot 1`] = `[Function]`;
